2025-03-13 18:50:26,463 - root - WARNING - 234
2025-03-13 18:50:26,467 - root - WARNING - driver 啟動成功2
